C:/Users/ngan9/Downloads/SDK_1.0.3_NUCLEO-F401RE-20260317T063335Z-3-001/SDK_1.0.3_NUCLEO-F401RE/shared/Drivers/CMSIS/Source/system_stm32f4xx.c:211:6:SystemInit	8	static
C:/Users/ngan9/Downloads/SDK_1.0.3_NUCLEO-F401RE-20260317T063335Z-3-001/SDK_1.0.3_NUCLEO-F401RE/shared/Drivers/CMSIS/Source/system_stm32f4xx.c:288:6:SystemCoreClockUpdate	32	static
C:/Users/ngan9/Downloads/SDK_1.0.3_NUCLEO-F401RE-20260317T063335Z-3-001/SDK_1.0.3_NUCLEO-F401RE/shared/Drivers/CMSIS/Source/system_stm32f4xx.c:344:13:SetSysClock	4	static
