10:01:47 **** Build of configuration Debug for project GPIO1 ****
make -j12 all 
arm-none-eabi-gcc "../Src/main.c" -mcpu=cortex-m4 -std=gnu11 -g3 -DDEBUG -DNUCLEO_F401RE -DSTM32 -DSTM32F401RETx -DSTM32F4 -c -I../Inc -I"C:/Users/ngan9/Downloads/SDK_1.0.3_NUCLEO-F401RE-20260317T063335Z-3-001/SDK_1.0.3_NUCLEO-F401RE/shared/Drivers/CMSIS/Include" -I"C:/Users/ngan9/Downloads/SDK_1.0.3_NUCLEO-F401RE-20260317T063335Z-3-001/SDK_1.0.3_NUCLEO-F401RE/shared/Drivers/STM32F401RE_StdPeriph_Driver/inc" -I"C:/Users/ngan9/Downloads/SDK_1.0.3_NUCLEO-F401RE-20260317T063335Z-3-001/SDK_1.0.3_NUCLEO-F401RE/shared/Middle/button" -I"C:/Users/ngan9/Downloads/SDK_1.0.3_NUCLEO-F401RE-20260317T063335Z-3-001/SDK_1.0.3_NUCLEO-F401RE/shared/Middle/buzzer" -I"C:/Users/ngan9/Downloads/SDK_1.0.3_NUCLEO-F401RE-20260317T063335Z-3-001/SDK_1.0.3_NUCLEO-F401RE/shared/Middle/led" -I"C:/Users/ngan9/Downloads/SDK_1.0.3_NUCLEO-F401RE-20260317T063335Z-3-001/SDK_1.0.3_NUCLEO-F401RE/shared/Middle/rtos" -I"C:/Users/ngan9/Downloads/SDK_1.0.3_NUCLEO-F401RE-20260317T063335Z-3-001/SDK_1.0.3_NUCLEO-F401RE/shared/Middle/sensor" -I"C:/Users/ngan9/Downloads/SDK_1.0.3_NUCLEO-F401RE-20260317T063335Z-3-001/SDK_1.0.3_NUCLEO-F401RE/shared/Middle/serial" -I"C:/Users/ngan9/Downloads/SDK_1.0.3_NUCLEO-F401RE-20260317T063335Z-3-001/SDK_1.0.3_NUCLEO-F401RE/shared/Middle/ucglib" -I"C:/Users/ngan9/Downloads/SDK_1.0.3_NUCLEO-F401RE-20260317T063335Z-3-001/SDK_1.0.3_NUCLEO-F401RE/shared/Utilities" -O0 -ffunction-sections -fdata-sections -Wall -fstack-usage -fcyclomatic-complexity -MMD -MP -MF"Src/main.d" -MT"Src/main.o" --specs=nano.specs -mfpu=fpv4-sp-d16 -mfloat-abi=hard -mthumb -o "Src/main.o"
arm-none-eabi-gcc -o "GPIO1.elf" @"objects.list"  -lLibraries -mcpu=cortex-m4 -T"D:\Day 1 Nhóm 3\GPIO1\STM32F401RETX_FLASH.ld" --specs=nosys.specs -Wl,-Map="GPIO1.map" -Wl,--gc-sections -static -L"C:\Users\ngan9\Downloads\SDK_1.0.3_NUCLEO-F401RE-20260317T063335Z-3-001\SDK_1.0.3_NUCLEO-F401RE\lib_stm" --specs=nano.specs -mfpu=fpv4-sp-d16 -mfloat-abi=hard -mthumb -Wl,--start-group -lc -lm -Wl,--end-group
Finished building target: GPIO1.elf
 
arm-none-eabi-size  GPIO1.elf 
arm-none-eabi-objdump -h -S GPIO1.elf  > "GPIO1.list"
   text	   data	    bss	    dec	    hex	filename
   1632	      0	   1568	   3200	    c80	GPIO1.elf
Finished building: default.size.stdout
 
Finished building: GPIO1.list
 

10:01:47 Build Finished. 0 errors, 0 warnings. (took 501ms)

